
> inventory-app@0.1.0 build
> next build

   Γû▓ Next.js 16.0.6 (Turbopack)
   - Environments: .env

node.exe :  ΓÜá The 
"middleware" file 
convention is 
deprecated. Please 
use "proxy" instead. 
Learn more: https://n
extjs.org/docs/messag
es/middleware-to-prox
y
At C:\Program Files\n
odejs\npm.ps1:29 
char:3
+   & $NODE_EXE 
$NPM_CLI_JS $args
+   ~~~~~~~~~~~~~~~~~
~~~~~~~~~~~~
    + CategoryInfo   
           : NotSpe  
  cified: ( ΓÜá Th   
 e "middl...lewar    
e-to-proxy:Strin    
g) [], RemoteExc    
eption
    + FullyQualified 
   ErrorId : Native  
  CommandError
 
   Creating an optimized production build ...
 Γ£ô Compiled successfully in 14.1s
   Running TypeScript ...
Failed to compile.

./src/app/login/page.
tsx:24:27
Type error: Type 
'(formData: 
FormData) => 
Promise<void | { 
success: boolean; 
error?: string | 
undefined; }>' is 
not assignable to 
type 'string | 
((formData: 
FormData) => void | 
Promise<void>) | 
undefined'.
  Type '(formData: 
FormData) => 
Promise<void | { 
success: boolean; 
error?: string | 
undefined; }>' is 
not assignable to 
type '(formData: 
FormData) => void | 
Promise<void>'.
    Type 
'Promise<void | { 
success: boolean; 
error?: string | 
undefined; }>' is 
not assignable to 
type 'void | 
Promise<void>'.
      Type 
'Promise<void | { 
success: boolean; 
error?: string | 
undefined; }>' is 
not assignable to 
type 'Promise<void>'.
        Type 'void | 
{ success: boolean; 
error?: string | 
undefined; }' is not 
assignable to type 
'void'.
          Type '{ 
success: boolean; 
error?: string | 
undefined; }' is not 
assignable to type 
'void'.

[0m [90m 22 |[39m 
                [33m
<[39m[33m/[39m[33
mCardHeader[39m[33m
>[39m
 [90m 23 |[39m     
            [33m<[3
9m[33mCardContent[3
9m[33m>[39m
[31m[1m>[22m[39m
[90m 24 |[39m       
              [33m<
[39m[33mform[39m ac
tion[33m=[39m{authe
nticate} className[3
3m=[39m[32m"space-y
-4"[39m[33m>[39m
 [90m    |[39m     
                     
 [31m[1m^[22m[39m
 [90m 25 |[39m     
                    
[33m<[39m[33mdiv[3
9m className[33m=[3
9m[32m"space-y-2"[3
9m[33m>[39m
 [90m 26 |[39m     
                     
   [33m<[39m[33mLa
bel[39m htmlFor[33m
=[39m[32m"email"[3
9m className[33m=[3
9m[32m"text-slate-30
0"[39m[33m>[39m[3
3mEmail[39m[33m<[3
9m[33m/[39m[33mLab
el[39m[33m>[39m
 [90m 27 |[39m     
                     
   [33m<[39m[33mIn
put[39m[0m
Next.js build worker 
exited with code: 1 
and signal: null
